HMAC-GOST R 34.11-2012
HMAC-GOST R 34.11-94
HMAC-Whirlpool
